<?xml version="1.0" encoding="utf-8"?>
<TestRun id="73a2bcf9-1d87-4fec-800a-d489895cc598" name="crist@HOME-PC 2026-09-10 10:35:50" runUser="HOME-PC\crist" xmlns="http://microsoft.com/schemas/VisualStudio/TeamTest/2010">
  <Times creation="2026-09-10T10:35:50.2962830+10:00" queuing="2026-09-10T10:35:50.2962832+10:00" start="2026-09-10T10:35:49.8739905+10:00" finish="2026-09-10T10:35:50.9107145+10:00" />
  <TestSettings name="default" id="4f639f86-71fb-412b-9b89-31f348796ea9">
    <Deployment runDeploymentRoot="crist_HOME-PC_2026-09-10_10_35_50" />
  </TestSettings>
  <Results>
    <UnitTestResult executionId="2cdc5fee-9c40-4954-baf6-1809aa02f9b0" testId="3ec1e3cd-6491-40e7-aceb-2906710bf266" testName="InventoryApi.Tests.Services.InventoryCostRebuildServiceTests.Rebuild_keeps_machine_refills_out_of_business_cost_quantity" computerName="HOME-PC" duration="00:00:00.0055829" startTime="2026-09-10T10:35:50.7462265+10:00" endTime="2026-09-10T10:35:50.7462265+10:00" testType="13cdc9d9-ddb5-4fa4-a97d-d965ccfc6d4b" outcome="Passed" testListId="8c84fa94-04c1-424b-9868-57a2d4851a1d" relativeResultsDirectory="2cdc5fee-9c40-4954-baf6-1809aa02f9b0" />
    <UnitTestResult executionId="02ff0447-716d-4348-a558-b678b694727f" testId="58524c18-8707-62ee-feaa-81990c777e81" testName="InventoryApi.Tests.Services.NayaxTransactionStatusTests.Classifier_maps_raw_status_ids(statusId: 28, expected: CancelledOrDeclined)" computerName="HOME-PC" duration="00:00:00.0000033" startTime="2026-09-10T10:35:50.2830450+10:00" endTime="2026-09-10T10:35:50.2830451+10:00" testType="13cdc9d9-ddb5-4fa4-a97d-d965ccfc6d4b" outcome="Passed" testListId="8c84fa94-04c1-424b-9868-57a2d4851a1d" relativeResultsDirectory="02ff0447-716d-4348-a558-b678b694727f" />
    <UnitTestResult executionId="5a72338b-89e4-4b04-be40-84929ed74773" testId="0b5b743c-0908-5980-754d-5727125610ca" testName="InventoryApi.Tests.Services.NayaxTransactionStatusTests.Classifier_maps_raw_status_ids(statusId: 80, expected: Pending)" computerName="HOME-PC" duration="00:00:00.0000056" startTime="2026-09-10T10:35:50.2773574+10:00" endTime="2026-09-10T10:35:50.2773575+10:00" testType="13cdc9d9-ddb5-4fa4-a97d-d965ccfc6d4b" outcome="Passed" testListId="8c84fa94-04c1-424b-9868-57a2d4851a1d" relativeResultsDirectory="5a72338b-89e4-4b04-be40-84929ed74773" />
    <UnitTestResult executionId="0d2b009a-d60a-4e19-a59f-35b330ff2c82" testId="a5132dcb-9242-2c53-d8b6-a0cbaf836a20" testName="InventoryApi.Tests.Services.NayaxTransactionStatusTests.Classifier_maps_raw_status_ids(statusId: 12, expected: Completed)" computerName="HOME-PC" duration="00:00:00.0001800" startTime="2026-09-10T10:35:50.2771386+10:00" endTime="2026-09-10T10:35:50.2771387+10:00" testType="13cdc9d9-ddb5-4fa4-a97d-d965ccfc6d4b" outcome="Passed" testListId="8c84fa94-04c1-424b-9868-57a2d4851a1d" relativeResultsDirectory="0d2b009a-d60a-4e19-a59f-35b330ff2c82" />
    <UnitTestResult executionId="91b083e7-e84f-457e-a68c-1aa81ac93d95" testId="e3bc9487-e945-e9c5-15ba-fbaa04b4ac85" testName="InventoryApi.Tests.Services.StockServiceTests.History_Returns_Empty_For_NonExisting" computerName="HOME-PC" duration="00:00:00.3492725" startTime="2026-09-10T10:35:50.6193342+10:00" endTime="2026-09-10T10:35:50.6193343+10:00" testType="13cdc9d9-ddb5-4fa4-a97d-d965ccfc6d4b" outcome="Passed" testListId="8c84fa94-04c1-424b-9868-57a2d4851a1d" relativeResultsDirectory="91b083e7-e84f-457e-a68c-1aa81ac93d95" />
    <UnitTestResult executionId="2e6fdb07-5616-4d29-aae0-680842b09676" testId="fdb52f5b-7488-bf43-3b19-1c5e3a523785" testName="InventoryApi.Tests.Services.StockServiceTests.Machine_refill_decreases_stock_without_changing_average_cost" computerName="HOME-PC" duration="00:00:00.0096064" startTime="2026-09-10T10:35:50.7301346+10:00" endTime="2026-09-10T10:35:50.7301347+10:00" testType="13cdc9d9-ddb5-4fa4-a97d-d965ccfc6d4b" outcome="Passed" testListId="8c84fa94-04c1-424b-9868-57a2d4851a1d" relativeResultsDirectory="2e6fdb07-5616-4d29-aae0-680842b09676" />
    <UnitTestResult executionId="caf49c60-e7d1-4345-8a7b-5ef8e74d7f4e" testId="7e7b5fe9-143e-a44d-d1f7-c6e5abdc97e9" testName="InventoryApi.Tests.Services.NayaxTransactionStatusTests.Classifier_maps_raw_status_ids(statusId: 55, expected: Pending)" computerName="HOME-PC" duration="00:00:00.0000067" startTime="2026-09-10T10:35:50.2773807+10:00" endTime="2026-09-10T10:35:50.2773808+10:00" testType="13cdc9d9-ddb5-4fa4-a97d-d965ccfc6d4b" outcome="Passed" testListId="8c84fa94-04c1-424b-9868-57a2d4851a1d" relativeResultsDirectory="caf49c60-e7d1-4345-8a7b-5ef8e74d7f4e" />
    <UnitTestResult executionId="37f93bd1-2840-4171-87c1-b6ea16a1a3e3" testId="e40893df-e802-9aef-a260-dbc8c47bbbda" testName="InventoryApi.Tests.Services.InventoryCostRebuildServiceTests.Rebuild_only_consumes_sales_when_machine_refills_precede_sales" computerName="HOME-PC" duration="00:00:00.0017402" startTime="2026-09-10T10:35:50.7480510+10:00" endTime="2026-09-10T10:35:50.7480511+10:00" testType="13cdc9d9-ddb5-4fa4-a97d-d965ccfc6d4b" outcome="Passed" testListId="8c84fa94-04c1-424b-9868-57a2d4851a1d" relativeResultsDirectory="37f93bd1-2840-4171-87c1-b6ea16a1a3e3" />
    <UnitTestResult executionId="15dd64ec-7b26-4151-858d-cf9df0f52adc" testId="a5c67d0c-e561-f3ed-55f8-6b544b6863f3" testName="InventoryApi.Tests.Services.StockServiceTests.Adjust_Throws_When_Stock_Would_Become_Negative" computerName="HOME-PC" duration="00:00:00.0011596" startTime="2026-09-10T10:35:50.7313165+10:00" endTime="2026-09-10T10:35:50.7313166+10:00" testType="13cdc9d9-ddb5-4fa4-a97d-d965ccfc6d4b" outcome="Passed" testListId="8c84fa94-04c1-424b-9868-57a2d4851a1d" relativeResultsDirectory="15dd64ec-7b26-4151-858d-cf9df0f52adc" />
    <UnitTestResult executionId="255d707a-628c-406b-9f10-cba3b7f49031" testId="4a3f37d0-47d8-57be-3a7d-6d8c909df6f2" testName="InventoryApi.Tests.Services.NayaxTransactionStatusTests.Pending_completed_reimport_updates_existing_transaction" computerName="HOME-PC" duration="00:00:00.1386075" startTime="2026-09-10T10:35:50.8738170+10:00" endTime="2026-09-10T10:35:50.8738171+10:00" testType="13cdc9d9-ddb5-4fa4-a97d-d965ccfc6d4b" outcome="Passed" testListId="8c84fa94-04c1-424b-9868-57a2d4851a1d" relativeResultsDirectory="255d707a-628c-406b-9f10-cba3b7f49031" />
    <UnitTestResult executionId="a9dc3d43-6650-4a79-ace5-2fc74e471d0a" testId="d7e3ede5-af8f-bffa-6e0a-85126d015c24" testName="InventoryApi.Tests.Services.StockServiceTests.Uncosted_restock_is_rejected_by_the_inventory_ledger" computerName="HOME-PC" duration="00:00:00.0020304" startTime="2026-09-10T10:35:50.7333651+10:00" endTime="2026-09-10T10:35:50.7333651+10:00" testType="13cdc9d9-ddb5-4fa4-a97d-d965ccfc6d4b" outcome="Passed" testListId="8c84fa94-04c1-424b-9868-57a2d4851a1d" relativeResultsDirectory="a9dc3d43-6650-4a79-ace5-2fc74e471d0a" />
    <UnitTestResult executionId="8ea24c4c-b264-43c6-b1d6-ac25bf0217f1" testId="a4b1f37f-bea3-8c2e-6416-479179133dd8" testName="InventoryApi.Tests.Services.NayaxTransactionStatusTests.Completed_sale_is_costed_from_historical_receipt_movement" computerName="HOME-PC" duration="00:00:00.0032703" startTime="2026-09-10T10:35:50.7271976+10:00" endTime="2026-09-10T10:35:50.7271977+10:00" testType="13cdc9d9-ddb5-4fa4-a97d-d965ccfc6d4b" outcome="Passed" testListId="8c84fa94-04c1-424b-9868-57a2d4851a1d" relativeResultsDirectory="8ea24c4c-b264-43c6-b1d6-ac25bf0217f1" />
    <UnitTestResult executionId="1b4d93cf-a38c-4627-9616-f57c5f75f1ec" testId="a71e10ae-c908-d4b5-02fa-94894f632e8e" testName="InventoryApi.Tests.Services.NayaxTransactionStatusTests.Classifier_maps_raw_status_ids(statusId: null, expected: Unknown)" computerName="HOME-PC" duration="00:00:00.0000040" startTime="2026-09-10T10:35:50.2773966+10:00" endTime="2026-09-10T10:35:50.2773967+10:00" testType="13cdc9d9-ddb5-4fa4-a97d-d965ccfc6d4b" outcome="Passed" testListId="8c84fa94-04c1-424b-9868-57a2d4851a1d" relativeResultsDirectory="1b4d93cf-a38c-4627-9616-f57c5f75f1ec" />
    <UnitTestResult executionId="0dfdd674-51e2-4af4-827a-21a62d02b93c" testId="7bd2a097-b177-52bc-ef88-e98414ae1e2c" testName="InventoryApi.Tests.Services.InventoryCostRebuildServiceTests.Rebuild_consumes_completed_sales_and_recosts_from_changed_date" computerName="HOME-PC" duration="00:00:00.0052322" startTime="2026-09-10T10:35:50.7406038+10:00" endTime="2026-09-10T10:35:50.7406039+10:00" testType="13cdc9d9-ddb5-4fa4-a97d-d965ccfc6d4b" outcome="Passed" testListId="8c84fa94-04c1-424b-9868-57a2d4851a1d" relativeResultsDirectory="0dfdd674-51e2-4af4-827a-21a62d02b93c" />
    <UnitTestResult executionId="5a215512-9390-4a29-b2f2-5440e9251d19" testId="6bd5d679-23e2-1932-d755-291e2a35c2de" testName="InventoryApi.Tests.Services.InventoryCostRebuildServiceTests.Rebuild_historical_purchase_change_recosts_later_sales_and_purchases" computerName="HOME-PC" duration="00:00:00.0019653" startTime="2026-09-10T10:35:50.7353354+10:00" endTime="2026-09-10T10:35:50.7353354+10:00" testType="13cdc9d9-ddb5-4fa4-a97d-d965ccfc6d4b" outcome="Passed" testListId="8c84fa94-04c1-424b-9868-57a2d4851a1d" relativeResultsDirectory="5a215512-9390-4a29-b2f2-5440e9251d19" />
    <UnitTestResult executionId="fd938ed8-438a-4211-9bdc-a7f9928f37d4" testId="87e2ee93-802e-9035-b53f-cb2978c43faa" testName="InventoryApi.Tests.Services.NayaxTransactionStatusTests.Classifier_maps_raw_status_ids(statusId: 21, expected: Unknown)" computerName="HOME-PC" duration="00:00:00.0000036" startTime="2026-09-10T10:35:50.2773692+10:00" endTime="2026-09-10T10:35:50.2773693+10:00" testType="13cdc9d9-ddb5-4fa4-a97d-d965ccfc6d4b" outcome="Passed" testListId="8c84fa94-04c1-424b-9868-57a2d4851a1d" relativeResultsDirectory="fd938ed8-438a-4211-9bdc-a7f9928f37d4" />
    <UnitTestResult executionId="97508ca2-666c-4e09-a3ec-75c1f1c73c50" testId="5d9fe858-3632-81ab-d586-9a5d2dd3ee9b" testName="InventoryApi.Tests.Services.NayaxTransactionStatusTests.Historical_cost_is_stable_after_a_later_purchase" computerName="HOME-PC" duration="00:00:00.4486784" startTime="2026-09-10T10:35:50.7238949+10:00" endTime="2026-09-10T10:35:50.7238950+10:00" testType="13cdc9d9-ddb5-4fa4-a97d-d965ccfc6d4b" outcome="Passed" testListId="8c84fa94-04c1-424b-9868-57a2d4851a1d" relativeResultsDirectory="97508ca2-666c-4e09-a3ec-75c1f1c73c50" />
    <UnitTestResult executionId="5fc778a5-e14b-4964-af72-fcf679a29f69" testId="8cfa573f-e1db-17d7-de50-2e0d0adc347f" testName="InventoryApi.Tests.Services.NayaxTransactionStatusTests.Pending_sale_costing_dry_run_does_not_mutate_database" computerName="HOME-PC" duration="00:00:00.0079344" startTime="2026-09-10T10:35:50.7351522+10:00" endTime="2026-09-10T10:35:50.7351523+10:00" testType="13cdc9d9-ddb5-4fa4-a97d-d965ccfc6d4b" outcome="Passed" testListId="8c84fa94-04c1-424b-9868-57a2d4851a1d" relativeResultsDirectory="5fc778a5-e14b-4964-af72-fcf679a29f69" />
    <UnitTestResult executionId="d08e6ad7-2ac5-45bc-b6a1-95c09349dbfe" testId="886e99fc-759b-f36e-ba61-d1f34033e792" testName="InventoryApi.Tests.Services.NayaxTransactionStatusTests.Classifier_maps_raw_status_ids(statusId: 250, expected: CancelledOrDeclined)" computerName="HOME-PC" duration="00:00:00.0000010" startTime="2026-09-10T10:35:50.2829333+10:00" endTime="2026-09-10T10:35:50.2829334+10:00" testType="13cdc9d9-ddb5-4fa4-a97d-d965ccfc6d4b" outcome="Passed" testListId="8c84fa94-04c1-424b-9868-57a2d4851a1d" relativeResultsDirectory="d08e6ad7-2ac5-45bc-b6a1-95c09349dbfe" />
    <UnitTestResult executionId="174f38d4-3343-4372-bf91-81ce9e3bb283" testId="08cd110b-6555-2c4a-b73b-028113c6ef32" testName="InventoryApi.Tests.Services.InventoryCostRebuildServiceTests.Rebuild_applies_cost_only_purchase_edit" computerName="HOME-PC" duration="00:00:00.4545408" startTime="2026-09-10T10:35:50.7245729+10:00" endTime="2026-09-10T10:35:50.7245729+10:00" testType="13cdc9d9-ddb5-4fa4-a97d-d965ccfc6d4b" outcome="Passed" testListId="8c84fa94-04c1-424b-9868-57a2d4851a1d" relativeResultsDirectory="174f38d4-3343-4372-bf91-81ce9e3bb283" />
    <UnitTestResult executionId="c3631a59-54fe-492e-a641-2cb3f90a9c93" testId="14cfaaf3-e06d-aaa3-695e-60ff40d5aa35" testName="InventoryApi.Tests.Services.StockServiceTests.Positive_adjustment_without_cost_is_rejected_without_inventing_average_cost" computerName="HOME-PC" duration="00:00:00.1010904" startTime="2026-09-10T10:35:50.7204835+10:00" endTime="2026-09-10T10:35:50.7204836+10:00" testType="13cdc9d9-ddb5-4fa4-a97d-d965ccfc6d4b" outcome="Passed" testListId="8c84fa94-04c1-424b-9868-57a2d4851a1d" relativeResultsDirectory="c3631a59-54fe-492e-a641-2cb3f90a9c93" />
    <UnitTestResult executionId="c22baf5d-fed4-4eb3-9911-d8496fb5c3d6" testId="05e3b5ef-7239-615f-f8db-658ed0ed6208" testName="InventoryApi.Tests.Services.InventoryCostRebuildServiceTests.Dry_run_reports_missing_opening_without_mutating_product" computerName="HOME-PC" duration="00:00:00.0087406" startTime="2026-09-10T10:35:50.7333518+10:00" endTime="2026-09-10T10:35:50.7333518+10:00" testType="13cdc9d9-ddb5-4fa4-a97d-d965ccfc6d4b" outcome="Passed" testListId="8c84fa94-04c1-424b-9868-57a2d4851a1d" relativeResultsDirectory="c22baf5d-fed4-4eb3-9911-d8496fb5c3d6" />
    <UnitTestResult executionId="83f399f0-740f-4595-a2b3-6b95289bca87" testId="3843f9f0-6673-1b43-baed-1b8174d59b6f" testName="InventoryApi.Tests.Services.NayaxTransactionStatusTests.Classifier_maps_raw_status_ids(statusId: 26, expected: CancelledOrDeclined)" computerName="HOME-PC" duration="00:00:00.0030271" startTime="2026-09-10T10:35:50.2750895+10:00" endTime="2026-09-10T10:35:50.2751078+10:00" testType="13cdc9d9-ddb5-4fa4-a97d-d965ccfc6d4b" outcome="Passed" testListId="8c84fa94-04c1-424b-9868-57a2d4851a1d" relativeResultsDirectory="83f399f0-740f-4595-a2b3-6b95289bca87" />
    <UnitTestResult executionId="5d92b7cc-daa9-4065-ad7d-3af356947f9b" testId="84a40ce4-6e72-3907-abc3-e4470bd63edd" testName="InventoryApi.Tests.Services.NayaxTransactionStatusTests.Classifier_maps_raw_status_ids(statusId: 31, expected: CancelledOrDeclined)" computerName="HOME-PC" duration="00:00:00.0000013" startTime="2026-09-10T10:35:50.2774037+10:00" endTime="2026-09-10T10:35:50.2774037+10:00" testType="13cdc9d9-ddb5-4fa4-a97d-d965ccfc6d4b" outcome="Passed" testListId="8c84fa94-04c1-424b-9868-57a2d4851a1d" relativeResultsDirectory="5d92b7cc-daa9-4065-ad7d-3af356947f9b" />
    <UnitTestResult executionId="18ba3132-a3dc-476d-a66f-9e916b501b18" testId="3a5bb925-31ed-b964-90fc-4cd8998e0c3c" testName="InventoryApi.Tests.Services.NayaxTransactionStatusTests.Classifier_maps_raw_status_ids(statusId: 62, expected: Refunded)" computerName="HOME-PC" duration="00:00:00.0000046" startTime="2026-09-10T10:35:50.2830550+10:00" endTime="2026-09-10T10:35:50.2830551+10:00" testType="13cdc9d9-ddb5-4fa4-a97d-d965ccfc6d4b" outcome="Passed" testListId="8c84fa94-04c1-424b-9868-57a2d4851a1d" relativeResultsDirectory="18ba3132-a3dc-476d-a66f-9e916b501b18" />
  </Results>
  <TestDefinitions>
    <UnitTest name="InventoryApi.Tests.Services.NayaxTransactionStatusTests.Classifier_maps_raw_status_ids(statusId: 80, expected: Pending)" storage="c:\users\crist\source\inventoryapp2\inventoryapp\backend\inventoryapi.tests\bin\release\net10.0\inventoryapi.tests.dll" id="0b5b743c-0908-5980-754d-5727125610ca">
      <Execution id="5a72338b-89e4-4b04-be40-84929ed74773" />
      <TestMethod codeBase="C:\Users\crist\source\InventoryApp2\InventoryApp\backend\InventoryApi.Tests\bin\Release\net10.0\InventoryApi.Tests.dll" adapterTypeName="executor://xunit/VsTestRunner2/netcoreapp" className="InventoryApi.Tests.Services.NayaxTransactionStatusTests" name="Classifier_maps_raw_status_ids" />
    </UnitTest>
    <UnitTest name="InventoryApi.Tests.Services.InventoryCostRebuildServiceTests.Rebuild_keeps_machine_refills_out_of_business_cost_quantity" storage="c:\users\crist\source\inventoryapp2\inventoryapp\backend\inventoryapi.tests\bin\release\net10.0\inventoryapi.tests.dll" id="3ec1e3cd-6491-40e7-aceb-2906710bf266">
      <Execution id="2cdc5fee-9c40-4954-baf6-1809aa02f9b0" />
      <TestMethod codeBase="C:\Users\crist\source\InventoryApp2\InventoryApp\backend\InventoryApi.Tests\bin\Release\net10.0\InventoryApi.Tests.dll" adapterTypeName="executor://xunit/VsTestRunner2/netcoreapp" className="InventoryApi.Tests.Services.InventoryCostRebuildServiceTests" name="Rebuild_keeps_machine_refills_out_of_business_cost_quantity" />
    </UnitTest>
    <UnitTest name="InventoryApi.Tests.Services.InventoryCostRebuildServiceTests.Rebuild_historical_purchase_change_recosts_later_sales_and_purchases" storage="c:\users\crist\source\inventoryapp2\inventoryapp\backend\inventoryapi.tests\bin\release\net10.0\inventoryapi.tests.dll" id="6bd5d679-23e2-1932-d755-291e2a35c2de">
      <Execution id="5a215512-9390-4a29-b2f2-5440e9251d19" />
      <TestMethod codeBase="C:\Users\crist\source\InventoryApp2\InventoryApp\backend\InventoryApi.Tests\bin\Release\net10.0\InventoryApi.Tests.dll" adapterTypeName="executor://xunit/VsTestRunner2/netcoreapp" className="InventoryApi.Tests.Services.InventoryCostRebuildServiceTests" name="Rebuild_historical_purchase_change_recosts_later_sales_and_purchases" />
    </UnitTest>
    <UnitTest name="InventoryApi.Tests.Services.NayaxTransactionStatusTests.Classifier_maps_raw_status_ids(statusId: null, expected: Unknown)" storage="c:\users\crist\source\inventoryapp2\inventoryapp\backend\inventoryapi.tests\bin\release\net10.0\inventoryapi.tests.dll" id="a71e10ae-c908-d4b5-02fa-94894f632e8e">
      <Execution id="1b4d93cf-a38c-4627-9616-f57c5f75f1ec" />
      <TestMethod codeBase="C:\Users\crist\source\InventoryApp2\InventoryApp\backend\InventoryApi.Tests\bin\Release\net10.0\InventoryApi.Tests.dll" adapterTypeName="executor://xunit/VsTestRunner2/netcoreapp" className="InventoryApi.Tests.Services.NayaxTransactionStatusTests" name="Classifier_maps_raw_status_ids" />
    </UnitTest>
    <UnitTest name="InventoryApi.Tests.Services.NayaxTransactionStatusTests.Classifier_maps_raw_status_ids(statusId: 21, expected: Unknown)" storage="c:\users\crist\source\inventoryapp2\inventoryapp\backend\inventoryapi.tests\bin\release\net10.0\inventoryapi.tests.dll" id="87e2ee93-802e-9035-b53f-cb2978c43faa">
      <Execution id="fd938ed8-438a-4211-9bdc-a7f9928f37d4" />
      <TestMethod codeBase="C:\Users\crist\source\InventoryApp2\InventoryApp\backend\InventoryApi.Tests\bin\Release\net10.0\InventoryApi.Tests.dll" adapterTypeName="executor://xunit/VsTestRunner2/netcoreapp" className="InventoryApi.Tests.Services.NayaxTransactionStatusTests" name="Classifier_maps_raw_status_ids" />
    </UnitTest>
    <UnitTest name="InventoryApi.Tests.Services.StockServiceTests.Positive_adjustment_without_cost_is_rejected_without_inventing_average_cost" storage="c:\users\crist\source\inventoryapp2\inventoryapp\backend\inventoryapi.tests\bin\release\net10.0\inventoryapi.tests.dll" id="14cfaaf3-e06d-aaa3-695e-60ff40d5aa35">
      <Execution id="c3631a59-54fe-492e-a641-2cb3f90a9c93" />
      <TestMethod codeBase="C:\Users\crist\source\InventoryApp2\InventoryApp\backend\InventoryApi.Tests\bin\Release\net10.0\InventoryApi.Tests.dll" adapterTypeName="executor://xunit/VsTestRunner2/netcoreapp" className="InventoryApi.Tests.Services.StockServiceTests" name="Positive_adjustment_without_cost_is_rejected_without_inventing_average_cost" />
    </UnitTest>
    <UnitTest name="InventoryApi.Tests.Services.NayaxTransactionStatusTests.Classifier_maps_raw_status_ids(statusId: 31, expected: CancelledOrDeclined)" storage="c:\users\crist\source\inventoryapp2\inventoryapp\backend\inventoryapi.tests\bin\release\net10.0\inventoryapi.tests.dll" id="84a40ce4-6e72-3907-abc3-e4470bd63edd">
      <Execution id="5d92b7cc-daa9-4065-ad7d-3af356947f9b" />
      <TestMethod codeBase="C:\Users\crist\source\InventoryApp2\InventoryApp\backend\InventoryApi.Tests\bin\Release\net10.0\InventoryApi.Tests.dll" adapterTypeName="executor://xunit/VsTestRunner2/netcoreapp" className="InventoryApi.Tests.Services.NayaxTransactionStatusTests" name="Classifier_maps_raw_status_ids" />
    </UnitTest>
    <UnitTest name="InventoryApi.Tests.Services.InventoryCostRebuildServiceTests.Rebuild_consumes_completed_sales_and_recosts_from_changed_date" storage="c:\users\crist\source\inventoryapp2\inventoryapp\backend\inventoryapi.tests\bin\release\net10.0\inventoryapi.tests.dll" id="7bd2a097-b177-52bc-ef88-e98414ae1e2c">
      <Execution id="0dfdd674-51e2-4af4-827a-21a62d02b93c" />
      <TestMethod codeBase="C:\Users\crist\source\InventoryApp2\InventoryApp\backend\InventoryApi.Tests\bin\Release\net10.0\InventoryApi.Tests.dll" adapterTypeName="executor://xunit/VsTestRunner2/netcoreapp" className="InventoryApi.Tests.Services.InventoryCostRebuildServiceTests" name="Rebuild_consumes_completed_sales_and_recosts_from_changed_date" />
    </UnitTest>
    <UnitTest name="InventoryApi.Tests.Services.StockServiceTests.History_Returns_Empty_For_NonExisting" storage="c:\users\crist\source\inventoryapp2\inventoryapp\backend\inventoryapi.tests\bin\release\net10.0\inventoryapi.tests.dll" id="e3bc9487-e945-e9c5-15ba-fbaa04b4ac85">
      <Execution id="91b083e7-e84f-457e-a68c-1aa81ac93d95" />
      <TestMethod codeBase="C:\Users\crist\source\InventoryApp2\InventoryApp\backend\InventoryApi.Tests\bin\Release\net10.0\InventoryApi.Tests.dll" adapterTypeName="executor://xunit/VsTestRunner2/netcoreapp" className="InventoryApi.Tests.Services.StockServiceTests" name="History_Returns_Empty_For_NonExisting" />
    </UnitTest>
    <UnitTest name="InventoryApi.Tests.Services.StockServiceTests.Uncosted_restock_is_rejected_by_the_inventory_ledger" storage="c:\users\crist\source\inventoryapp2\inventoryapp\backend\inventoryapi.tests\bin\release\net10.0\inventoryapi.tests.dll" id="d7e3ede5-af8f-bffa-6e0a-85126d015c24">
      <Execution id="a9dc3d43-6650-4a79-ace5-2fc74e471d0a" />
      <TestMethod codeBase="C:\Users\crist\source\InventoryApp2\InventoryApp\backend\InventoryApi.Tests\bin\Release\net10.0\InventoryApi.Tests.dll" adapterTypeName="executor://xunit/VsTestRunner2/netcoreapp" className="InventoryApi.Tests.Services.StockServiceTests" name="Uncosted_restock_is_rejected_by_the_inventory_ledger" />
    </UnitTest>
    <UnitTest name="InventoryApi.Tests.Services.InventoryCostRebuildServiceTests.Dry_run_reports_missing_opening_without_mutating_product" storage="c:\users\crist\source\inventoryapp2\inventoryapp\backend\inventoryapi.tests\bin\release\net10.0\inventoryapi.tests.dll" id="05e3b5ef-7239-615f-f8db-658ed0ed6208">
      <Execution id="c22baf5d-fed4-4eb3-9911-d8496fb5c3d6" />
      <TestMethod codeBase="C:\Users\crist\source\InventoryApp2\InventoryApp\backend\InventoryApi.Tests\bin\Release\net10.0\InventoryApi.Tests.dll" adapterTypeName="executor://xunit/VsTestRunner2/netcoreapp" className="InventoryApi.Tests.Services.InventoryCostRebuildServiceTests" name="Dry_run_reports_missing_opening_without_mutating_product" />
    </UnitTest>
    <UnitTest name="InventoryApi.Tests.Services.NayaxTransactionStatusTests.Classifier_maps_raw_status_ids(statusId: 26, expected: CancelledOrDeclined)" storage="c:\users\crist\source\inventoryapp2\inventoryapp\backend\inventoryapi.tests\bin\release\net10.0\inventoryapi.tests.dll" id="3843f9f0-6673-1b43-baed-1b8174d59b6f">
      <Execution id="83f399f0-740f-4595-a2b3-6b95289bca87" />
      <TestMethod codeBase="C:\Users\crist\source\InventoryApp2\InventoryApp\backend\InventoryApi.Tests\bin\Release\net10.0\InventoryApi.Tests.dll" adapterTypeName="executor://xunit/VsTestRunner2/netcoreapp" className="InventoryApi.Tests.Services.NayaxTransactionStatusTests" name="Classifier_maps_raw_status_ids" />
    </UnitTest>
    <UnitTest name="InventoryApi.Tests.Services.NayaxTransactionStatusTests.Classifier_maps_raw_status_ids(statusId: 62, expected: Refunded)" storage="c:\users\crist\source\inventoryapp2\inventoryapp\backend\inventoryapi.tests\bin\release\net10.0\inventoryapi.tests.dll" id="3a5bb925-31ed-b964-90fc-4cd8998e0c3c">
      <Execution id="18ba3132-a3dc-476d-a66f-9e916b501b18" />
      <TestMethod codeBase="C:\Users\crist\source\InventoryApp2\InventoryApp\backend\InventoryApi.Tests\bin\Release\net10.0\InventoryApi.Tests.dll" adapterTypeName="executor://xunit/VsTestRunner2/netcoreapp" className="InventoryApi.Tests.Services.NayaxTransactionStatusTests" name="Classifier_maps_raw_status_ids" />
    </UnitTest>
    <UnitTest name="InventoryApi.Tests.Services.NayaxTransactionStatusTests.Classifier_maps_raw_status_ids(statusId: 28, expected: CancelledOrDeclined)" storage="c:\users\crist\source\inventoryapp2\inventoryapp\backend\inventoryapi.tests\bin\release\net10.0\inventoryapi.tests.dll" id="58524c18-8707-62ee-feaa-81990c777e81">
      <Execution id="02ff0447-716d-4348-a558-b678b694727f" />
      <TestMethod codeBase="C:\Users\crist\source\InventoryApp2\InventoryApp\backend\InventoryApi.Tests\bin\Release\net10.0\InventoryApi.Tests.dll" adapterTypeName="executor://xunit/VsTestRunner2/netcoreapp" className="InventoryApi.Tests.Services.NayaxTransactionStatusTests" name="Classifier_maps_raw_status_ids" />
    </UnitTest>
    <UnitTest name="InventoryApi.Tests.Services.NayaxTransactionStatusTests.Pending_sale_costing_dry_run_does_not_mutate_database" storage="c:\users\crist\source\inventoryapp2\inventoryapp\backend\inventoryapi.tests\bin\release\net10.0\inventoryapi.tests.dll" id="8cfa573f-e1db-17d7-de50-2e0d0adc347f">
      <Execution id="5fc778a5-e14b-4964-af72-fcf679a29f69" />
      <TestMethod codeBase="C:\Users\crist\source\InventoryApp2\InventoryApp\backend\InventoryApi.Tests\bin\Release\net10.0\InventoryApi.Tests.dll" adapterTypeName="executor://xunit/VsTestRunner2/netcoreapp" className="InventoryApi.Tests.Services.NayaxTransactionStatusTests" name="Pending_sale_costing_dry_run_does_not_mutate_database" />
    </UnitTest>
    <UnitTest name="InventoryApi.Tests.Services.InventoryCostRebuildServiceTests.Rebuild_only_consumes_sales_when_machine_refills_precede_sales" storage="c:\users\crist\source\inventoryapp2\inventoryapp\backend\inventoryapi.tests\bin\release\net10.0\inventoryapi.tests.dll" id="e40893df-e802-9aef-a260-dbc8c47bbbda">
      <Execution id="37f93bd1-2840-4171-87c1-b6ea16a1a3e3" />
      <TestMethod codeBase="C:\Users\crist\source\InventoryApp2\InventoryApp\backend\InventoryApi.Tests\bin\Release\net10.0\InventoryApi.Tests.dll" adapterTypeName="executor://xunit/VsTestRunner2/netcoreapp" className="InventoryApi.Tests.Services.InventoryCostRebuildServiceTests" name="Rebuild_only_consumes_sales_when_machine_refills_precede_sales" />
    </UnitTest>
    <UnitTest name="InventoryApi.Tests.Services.NayaxTransactionStatusTests.Historical_cost_is_stable_after_a_later_purchase" storage="c:\users\crist\source\inventoryapp2\inventoryapp\backend\inventoryapi.tests\bin\release\net10.0\inventoryapi.tests.dll" id="5d9fe858-3632-81ab-d586-9a5d2dd3ee9b">
      <Execution id="97508ca2-666c-4e09-a3ec-75c1f1c73c50" />
      <TestMethod codeBase="C:\Users\crist\source\InventoryApp2\InventoryApp\backend\InventoryApi.Tests\bin\Release\net10.0\InventoryApi.Tests.dll" adapterTypeName="executor://xunit/VsTestRunner2/netcoreapp" className="InventoryApi.Tests.Services.NayaxTransactionStatusTests" name="Historical_cost_is_stable_after_a_later_purchase" />
    </UnitTest>
    <UnitTest name="InventoryApi.Tests.Services.StockServiceTests.Adjust_Throws_When_Stock_Would_Become_Negative" storage="c:\users\crist\source\inventoryapp2\inventoryapp\backend\inventoryapi.tests\bin\release\net10.0\inventoryapi.tests.dll" id="a5c67d0c-e561-f3ed-55f8-6b544b6863f3">
      <Execution id="15dd64ec-7b26-4151-858d-cf9df0f52adc" />
      <TestMethod codeBase="C:\Users\crist\source\InventoryApp2\InventoryApp\backend\InventoryApi.Tests\bin\Release\net10.0\InventoryApi.Tests.dll" adapterTypeName="executor://xunit/VsTestRunner2/netcoreapp" className="InventoryApi.Tests.Services.StockServiceTests" name="Adjust_Throws_When_Stock_Would_Become_Negative" />
    </UnitTest>
    <UnitTest name="InventoryApi.Tests.Services.StockServiceTests.Machine_refill_decreases_stock_without_changing_average_cost" storage="c:\users\crist\source\inventoryapp2\inventoryapp\backend\inventoryapi.tests\bin\release\net10.0\inventoryapi.tests.dll" id="fdb52f5b-7488-bf43-3b19-1c5e3a523785">
      <Execution id="2e6fdb07-5616-4d29-aae0-680842b09676" />
      <TestMethod codeBase="C:\Users\crist\source\InventoryApp2\InventoryApp\backend\InventoryApi.Tests\bin\Release\net10.0\InventoryApi.Tests.dll" adapterTypeName="executor://xunit/VsTestRunner2/netcoreapp" className="InventoryApi.Tests.Services.StockServiceTests" name="Machine_refill_decreases_stock_without_changing_average_cost" />
    </UnitTest>
    <UnitTest name="InventoryApi.Tests.Services.NayaxTransactionStatusTests.Classifier_maps_raw_status_ids(statusId: 55, expected: Pending)" storage="c:\users\crist\source\inventoryapp2\inventoryapp\backend\inventoryapi.tests\bin\release\net10.0\inventoryapi.tests.dll" id="7e7b5fe9-143e-a44d-d1f7-c6e5abdc97e9">
      <Execution id="caf49c60-e7d1-4345-8a7b-5ef8e74d7f4e" />
      <TestMethod codeBase="C:\Users\crist\source\InventoryApp2\InventoryApp\backend\InventoryApi.Tests\bin\Release\net10.0\InventoryApi.Tests.dll" adapterTypeName="executor://xunit/VsTestRunner2/netcoreapp" className="InventoryApi.Tests.Services.NayaxTransactionStatusTests" name="Classifier_maps_raw_status_ids" />
    </UnitTest>
    <UnitTest name="InventoryApi.Tests.Services.InventoryCostRebuildServiceTests.Rebuild_applies_cost_only_purchase_edit" storage="c:\users\crist\source\inventoryapp2\inventoryapp\backend\inventoryapi.tests\bin\release\net10.0\inventoryapi.tests.dll" id="08cd110b-6555-2c4a-b73b-028113c6ef32">
      <Execution id="174f38d4-3343-4372-bf91-81ce9e3bb283" />
      <TestMethod codeBase="C:\Users\crist\source\InventoryApp2\InventoryApp\backend\InventoryApi.Tests\bin\Release\net10.0\InventoryApi.Tests.dll" adapterTypeName="executor://xunit/VsTestRunner2/netcoreapp" className="InventoryApi.Tests.Services.InventoryCostRebuildServiceTests" name="Rebuild_applies_cost_only_purchase_edit" />
    </UnitTest>
    <UnitTest name="InventoryApi.Tests.Services.NayaxTransactionStatusTests.Pending_completed_reimport_updates_existing_transaction" storage="c:\users\crist\source\inventoryapp2\inventoryapp\backend\inventoryapi.tests\bin\release\net10.0\inventoryapi.tests.dll" id="4a3f37d0-47d8-57be-3a7d-6d8c909df6f2">
      <Execution id="255d707a-628c-406b-9f10-cba3b7f49031" />
      <TestMethod codeBase="C:\Users\crist\source\InventoryApp2\InventoryApp\backend\InventoryApi.Tests\bin\Release\net10.0\InventoryApi.Tests.dll" adapterTypeName="executor://xunit/VsTestRunner2/netcoreapp" className="InventoryApi.Tests.Services.NayaxTransactionStatusTests" name="Pending_completed_reimport_updates_existing_transaction" />
    </UnitTest>
    <UnitTest name="InventoryApi.Tests.Services.NayaxTransactionStatusTests.Classifier_maps_raw_status_ids(statusId: 12, expected: Completed)" storage="c:\users\crist\source\inventoryapp2\inventoryapp\backend\inventoryapi.tests\bin\release\net10.0\inventoryapi.tests.dll" id="a5132dcb-9242-2c53-d8b6-a0cbaf836a20">
      <Execution id="0d2b009a-d60a-4e19-a59f-35b330ff2c82" />
      <TestMethod codeBase="C:\Users\crist\source\InventoryApp2\InventoryApp\backend\InventoryApi.Tests\bin\Release\net10.0\InventoryApi.Tests.dll" adapterTypeName="executor://xunit/VsTestRunner2/netcoreapp" className="InventoryApi.Tests.Services.NayaxTransactionStatusTests" name="Classifier_maps_raw_status_ids" />
    </UnitTest>
    <UnitTest name="InventoryApi.Tests.Services.NayaxTransactionStatusTests.Classifier_maps_raw_status_ids(statusId: 250, expected: CancelledOrDeclined)" storage="c:\users\crist\source\inventoryapp2\inventoryapp\backend\inventoryapi.tests\bin\release\net10.0\inventoryapi.tests.dll" id="886e99fc-759b-f36e-ba61-d1f34033e792">
      <Execution id="d08e6ad7-2ac5-45bc-b6a1-95c09349dbfe" />
      <TestMethod codeBase="C:\Users\crist\source\InventoryApp2\InventoryApp\backend\InventoryApi.Tests\bin\Release\net10.0\InventoryApi.Tests.dll" adapterTypeName="executor://xunit/VsTestRunner2/netcoreapp" className="InventoryApi.Tests.Services.NayaxTransactionStatusTests" name="Classifier_maps_raw_status_ids" />
    </UnitTest>
    <UnitTest name="InventoryApi.Tests.Services.NayaxTransactionStatusTests.Completed_sale_is_costed_from_historical_receipt_movement" storage="c:\users\crist\source\inventoryapp2\inventoryapp\backend\inventoryapi.tests\bin\release\net10.0\inventoryapi.tests.dll" id="a4b1f37f-bea3-8c2e-6416-479179133dd8">
      <Execution id="8ea24c4c-b264-43c6-b1d6-ac25bf0217f1" />
      <TestMethod codeBase="C:\Users\crist\source\InventoryApp2\InventoryApp\backend\InventoryApi.Tests\bin\Release\net10.0\InventoryApi.Tests.dll" adapterTypeName="executor://xunit/VsTestRunner2/netcoreapp" className="InventoryApi.Tests.Services.NayaxTransactionStatusTests" name="Completed_sale_is_costed_from_historical_receipt_movement" />
    </UnitTest>
  </TestDefinitions>
  <TestEntries>
    <TestEntry testId="3ec1e3cd-6491-40e7-aceb-2906710bf266" executionId="2cdc5fee-9c40-4954-baf6-1809aa02f9b0" testListId="8c84fa94-04c1-424b-9868-57a2d4851a1d" />
    <TestEntry testId="58524c18-8707-62ee-feaa-81990c777e81" executionId="02ff0447-716d-4348-a558-b678b694727f" testListId="8c84fa94-04c1-424b-9868-57a2d4851a1d" />
    <TestEntry testId="0b5b743c-0908-5980-754d-5727125610ca" executionId="5a72338b-89e4-4b04-be40-84929ed74773" testListId="8c84fa94-04c1-424b-9868-57a2d4851a1d" />
    <TestEntry testId="a5132dcb-9242-2c53-d8b6-a0cbaf836a20" executionId="0d2b009a-d60a-4e19-a59f-35b330ff2c82" testListId="8c84fa94-04c1-424b-9868-57a2d4851a1d" />
    <TestEntry testId="e3bc9487-e945-e9c5-15ba-fbaa04b4ac85" executionId="91b083e7-e84f-457e-a68c-1aa81ac93d95" testListId="8c84fa94-04c1-424b-9868-57a2d4851a1d" />
    <TestEntry testId="fdb52f5b-7488-bf43-3b19-1c5e3a523785" executionId="2e6fdb07-5616-4d29-aae0-680842b09676" testListId="8c84fa94-04c1-424b-9868-57a2d4851a1d" />
    <TestEntry testId="7e7b5fe9-143e-a44d-d1f7-c6e5abdc97e9" executionId="caf49c60-e7d1-4345-8a7b-5ef8e74d7f4e" testListId="8c84fa94-04c1-424b-9868-57a2d4851a1d" />
    <TestEntry testId="e40893df-e802-9aef-a260-dbc8c47bbbda" executionId="37f93bd1-2840-4171-87c1-b6ea16a1a3e3" testListId="8c84fa94-04c1-424b-9868-57a2d4851a1d" />
    <TestEntry testId="a5c67d0c-e561-f3ed-55f8-6b544b6863f3" executionId="15dd64ec-7b26-4151-858d-cf9df0f52adc" testListId="8c84fa94-04c1-424b-9868-57a2d4851a1d" />
    <TestEntry testId="4a3f37d0-47d8-57be-3a7d-6d8c909df6f2" executionId="255d707a-628c-406b-9f10-cba3b7f49031" testListId="8c84fa94-04c1-424b-9868-57a2d4851a1d" />
    <TestEntry testId="d7e3ede5-af8f-bffa-6e0a-85126d015c24" executionId="a9dc3d43-6650-4a79-ace5-2fc74e471d0a" testListId="8c84fa94-04c1-424b-9868-57a2d4851a1d" />
    <TestEntry testId="a4b1f37f-bea3-8c2e-6416-479179133dd8" executionId="8ea24c4c-b264-43c6-b1d6-ac25bf0217f1" testListId="8c84fa94-04c1-424b-9868-57a2d4851a1d" />
    <TestEntry testId="a71e10ae-c908-d4b5-02fa-94894f632e8e" executionId="1b4d93cf-a38c-4627-9616-f57c5f75f1ec" testListId="8c84fa94-04c1-424b-9868-57a2d4851a1d" />
    <TestEntry testId="7bd2a097-b177-52bc-ef88-e98414ae1e2c" executionId="0dfdd674-51e2-4af4-827a-21a62d02b93c" testListId="8c84fa94-04c1-424b-9868-57a2d4851a1d" />
    <TestEntry testId="6bd5d679-23e2-1932-d755-291e2a35c2de" executionId="5a215512-9390-4a29-b2f2-5440e9251d19" testListId="8c84fa94-04c1-424b-9868-57a2d4851a1d" />
    <TestEntry testId="87e2ee93-802e-9035-b53f-cb2978c43faa" executionId="fd938ed8-438a-4211-9bdc-a7f9928f37d4" testListId="8c84fa94-04c1-424b-9868-57a2d4851a1d" />
    <TestEntry testId="5d9fe858-3632-81ab-d586-9a5d2dd3ee9b" executionId="97508ca2-666c-4e09-a3ec-75c1f1c73c50" testListId="8c84fa94-04c1-424b-9868-57a2d4851a1d" />
    <TestEntry testId="8cfa573f-e1db-17d7-de50-2e0d0adc347f" executionId="5fc778a5-e14b-4964-af72-fcf679a29f69" testListId="8c84fa94-04c1-424b-9868-57a2d4851a1d" />
    <TestEntry testId="886e99fc-759b-f36e-ba61-d1f34033e792" executionId="d08e6ad7-2ac5-45bc-b6a1-95c09349dbfe" testListId="8c84fa94-04c1-424b-9868-57a2d4851a1d" />
    <TestEntry testId="08cd110b-6555-2c4a-b73b-028113c6ef32" executionId="174f38d4-3343-4372-bf91-81ce9e3bb283" testListId="8c84fa94-04c1-424b-9868-57a2d4851a1d" />
    <TestEntry testId="14cfaaf3-e06d-aaa3-695e-60ff40d5aa35" executionId="c3631a59-54fe-492e-a641-2cb3f90a9c93" testListId="8c84fa94-04c1-424b-9868-57a2d4851a1d" />
    <TestEntry testId="05e3b5ef-7239-615f-f8db-658ed0ed6208" executionId="c22baf5d-fed4-4eb3-9911-d8496fb5c3d6" testListId="8c84fa94-04c1-424b-9868-57a2d4851a1d" />
    <TestEntry testId="3843f9f0-6673-1b43-baed-1b8174d59b6f" executionId="83f399f0-740f-4595-a2b3-6b95289bca87" testListId="8c84fa94-04c1-424b-9868-57a2d4851a1d" />
    <TestEntry testId="84a40ce4-6e72-3907-abc3-e4470bd63edd" executionId="5d92b7cc-daa9-4065-ad7d-3af356947f9b" testListId="8c84fa94-04c1-424b-9868-57a2d4851a1d" />
    <TestEntry testId="3a5bb925-31ed-b964-90fc-4cd8998e0c3c" executionId="18ba3132-a3dc-476d-a66f-9e916b501b18" testListId="8c84fa94-04c1-424b-9868-57a2d4851a1d" />
  </TestEntries>
  <TestLists>
    <TestList name="Results Not in a List" id="8c84fa94-04c1-424b-9868-57a2d4851a1d" />
    <TestList name="All Loaded Results" id="19431567-8539-422a-85d7-44ee4e166bda" />
  </TestLists>
  <ResultSummary outcome="Completed">
    <Counters total="25" executed="25" passed="25" failed="0" error="0" timeout="0" aborted="0" inconclusive="0" passedButRunAborted="0" notRunnable="0" notExecuted="0" disconnected="0" warning="0" completed="0" inProgress="0" pending="0" />
    <Output>
      <StdOut>[xUnit.net 00:00:00.00] xUnit.net VSTest Adapter v2.5.3.1+6b60a9e56a (64-bit .NET 10.0.12)&#xD;
[xUnit.net 00:00:00.05]   Discovering: InventoryApi.Tests&#xD;
[xUnit.net 00:00:00.09]   Discovered:  InventoryApi.Tests&#xD;
[xUnit.net 00:00:00.09]   Starting:    InventoryApi.Tests&#xD;
[xUnit.net 00:00:00.73]   Finished:    InventoryApi.Tests&#xD;
</StdOut>
    </Output>
  </ResultSummary>
</TestRun>